------------------------------------------------------------
TimeQuest Timing Analyzer Summary
------------------------------------------------------------

Type  : Slow 1200mV 85C Model Setup 'CLOCK_50'
Slack : -3.955
TNS   : -51.955

Type  : Slow 1200mV 85C Model Setup 'freq_divider:uut|temporal'
Slack : 0.127
TNS   : 0.000

Type  : Slow 1200mV 85C Model Hold 'freq_divider:uut|temporal'
Slack : 0.408
TNS   : 0.000

Type  : Slow 1200mV 85C Model Hold 'CLOCK_50'
Slack : 0.441
TNS   : 0.000

Type  : Slow 1200mV 85C Model Minimum Pulse Width 'CLOCK_50'
Slack : -3.000
TNS   : -37.695

Type  : Slow 1200mV 85C Model Minimum Pulse Width 'freq_divider:uut|temporal'
Slack : -1.285
TNS   : -6.425

Type  : Slow 1200mV 0C Model Setup 'CLOCK_50'
Slack : -3.576
TNS   : -44.190

Type  : Slow 1200mV 0C Model Setup 'freq_divider:uut|temporal'
Slack : 0.216
TNS   : 0.000

Type  : Slow 1200mV 0C Model Hold 'freq_divider:uut|temporal'
Slack : 0.366
TNS   : 0.000

Type  : Slow 1200mV 0C Model Hold 'CLOCK_50'
Slack : 0.399
TNS   : 0.000

Type  : Slow 1200mV 0C Model Minimum Pulse Width 'CLOCK_50'
Slack : -3.000
TNS   : -37.695

Type  : Slow 1200mV 0C Model Minimum Pulse Width 'freq_divider:uut|temporal'
Slack : -1.285
TNS   : -6.425

Type  : Fast 1200mV 0C Model Setup 'CLOCK_50'
Slack : -1.458
TNS   : -12.251

Type  : Fast 1200mV 0C Model Setup 'freq_divider:uut|temporal'
Slack : 0.572
TNS   : 0.000

Type  : Fast 1200mV 0C Model Hold 'freq_divider:uut|temporal'
Slack : 0.189
TNS   : 0.000

Type  : Fast 1200mV 0C Model Hold 'CLOCK_50'
Slack : 0.199
TNS   : 0.000

Type  : Fast 1200mV 0C Model Minimum Pulse Width 'CLOCK_50'
Slack : -3.000
TNS   : -37.879

Type  : Fast 1200mV 0C Model Minimum Pulse Width 'freq_divider:uut|temporal'
Slack : -1.000
TNS   : -5.000

------------------------------------------------------------
