------------------------------------------------------------
TimeQuest Timing Analyzer Summary
------------------------------------------------------------

Type  : Slow 1200mV 85C Model Setup 'freq_divider:uut|temporal'
Slack : -5.417
TNS   : -357.284

Type  : Slow 1200mV 85C Model Setup 'CLOCK_50'
Slack : -3.859
TNS   : -52.849

Type  : Slow 1200mV 85C Model Hold 'freq_divider:uut|temporal'
Slack : 0.391
TNS   : 0.000

Type  : Slow 1200mV 85C Model Hold 'CLOCK_50'
Slack : 0.441
TNS   : 0.000

Type  : Slow 1200mV 85C Model Minimum Pulse Width 'CLOCK_50'
Slack : -3.000
TNS   : -37.695

Type  : Slow 1200mV 85C Model Minimum Pulse Width 'freq_divider:uut|temporal'
Slack : -1.285
TNS   : -118.220

Type  : Slow 1200mV 0C Model Setup 'freq_divider:uut|temporal'
Slack : -4.854
TNS   : -318.960

Type  : Slow 1200mV 0C Model Setup 'CLOCK_50'
Slack : -3.466
TNS   : -44.920

Type  : Slow 1200mV 0C Model Hold 'freq_divider:uut|temporal'
Slack : 0.348
TNS   : 0.000

Type  : Slow 1200mV 0C Model Hold 'CLOCK_50'
Slack : 0.400
TNS   : 0.000

Type  : Slow 1200mV 0C Model Minimum Pulse Width 'CLOCK_50'
Slack : -3.000
TNS   : -37.695

Type  : Slow 1200mV 0C Model Minimum Pulse Width 'freq_divider:uut|temporal'
Slack : -1.285
TNS   : -118.220

Type  : Fast 1200mV 0C Model Setup 'freq_divider:uut|temporal'
Slack : -2.116
TNS   : -127.910

Type  : Fast 1200mV 0C Model Setup 'CLOCK_50'
Slack : -1.494
TNS   : -12.776

Type  : Fast 1200mV 0C Model Hold 'freq_divider:uut|temporal'
Slack : 0.179
TNS   : 0.000

Type  : Fast 1200mV 0C Model Hold 'CLOCK_50'
Slack : 0.199
TNS   : 0.000

Type  : Fast 1200mV 0C Model Minimum Pulse Width 'CLOCK_50'
Slack : -3.000
TNS   : -37.957

Type  : Fast 1200mV 0C Model Minimum Pulse Width 'freq_divider:uut|temporal'
Slack : -1.000
TNS   : -92.000

------------------------------------------------------------
